Dell@DESKTOP-O2S9UNS MINGW64 ~/desktop/git
$ cd git
bash: cd: git: No such file or directory

Dell@DESKTOP-O2S9UNS MINGW64 ~/desktop/git
$ git init
Initialized empty Git repository in C:/Users/Dell/Desktop/git/.git/

Dell@DESKTOP-O2S9UNS MINGW64 ~/desktop/git (master)
$ ^C

Dell@DESKTOP-O2S9UNS MINGW64 ~/desktop/git (master)
$ git conflit user.name "nayana"
git: 'conflit' is not a git command. See 'git --help'.

The most similar command is
        config

Dell@DESKTOP-O2S9UNS MINGW64 ~/desktop/git (master)
$ git config user.name "nayana"

Dell@DESKTOP-O2S9UNS MINGW64 ~/desktop/git (master)
$ git config user.email "nayanac241@gmail.com"

Dell@DESKTOP-O2S9UNS MINGW64 ~/desktop/git (master)
$ touch file.txt

Dell@DESKTOP-O2S9UNS MINGW64 ~/desktop/git (master)
$ ls
file.txt

Dell@DESKTOP-O2S9UNS MINGW64 ~/desktop/git (master)
$ touch file1.txt

Dell@DESKTOP-O2S9UNS MINGW64 ~/desktop/git (master)
$ ls
file.txt  file1.txt

Dell@DESKTOP-O2S9UNS MINGW64 ~/desktop/git (master)
$ git status
On branch master

No commits yet

Untracked files:
  (use "git add <file>..." to include in what will be committed)
        file.txt
        file1.txt

nothing added to commit but untracked files present (use "git add" to track)

Dell@DESKTOP-O2S9UNS MINGW64 ~/desktop/git (master)
$ git commit
On branch master

Initial commit

Untracked files:
  (use "git add <file>..." to include in what will be committed)
        file.txt
        file1.txt

nothing added to commit but untracked files present (use "git add" to track)

Dell@DESKTOP-O2S9UNS MINGW64 ~/desktop/git (master)
$ git add.
git: 'add.' is not a git command. See 'git --help'.

The most similar command is
        add

Dell@DESKTOP-O2S9UNS MINGW64 ~/desktop/git (master)
$ git add .

Dell@DESKTOP-O2S9UNS MINGW64 ~/desktop/git (master)
$ git status
On branch master

No commits yet

Changes to be committed:
  (use "git rm --cached <file>..." to unstage)
        new file:   file.txt
        new file:   file1.txt


Dell@DESKTOP-O2S9UNS MINGW64 ~/desktop/git (master)
$ git commit -m "file created"
[master (root-commit) 9467a8f] file created
 2 files changed, 0 insertions(+), 0 deletions(-)
 create mode 100644 file.txt
 create mode 100644 file1.txt

Dell@DESKTOP-O2S9UNS MINGW64 ~/desktop/git (master)
$ git log
commit 9467a8f712604c7c9ef0d310549128736075cb94 (HEAD -> master)
Author: nayana <nayanac241@gmail.com>
Date:   Thu Mar 6 13:07:19 2025 +0530

    file created

Dell@DESKTOP-O2S9UNS MINGW64 ~/desktop/git (master)
$ ^C

Dell@DESKTOP-O2S9UNS MINGW64 ~/desktop/git (master)
$ ^C

Dell@DESKTOP-O2S9UNS MINGW64 ~/desktop/git (master)
$
